// Jest Snapshot v1, https://goo.gl/fbAQLP

exports[`JobCreationForm.js renders correctly 1`] = `
<form
  className="job-form"
  onSubmit={[Function]}
>
  <div
    className="input-field"
  >
    <label
      className="input-field__label"
      htmlFor="title"
    >
      Title
    </label>
    <input
      className="input-field__text-input"
      id="title"
      name="title"
      onBlur={[Function]}
      onChange={[Function]}
      required={true}
      type="text"
      value=""
    />
  </div>
  <div
    className="input-field"
  >
    <label
      className="input-field__label"
      htmlFor="company"
    >
      Company
    </label>
    <input
      className="input-field__text-input"
      id="company"
      name="company"
      onBlur={undefined}
      onChange={[Function]}
      required={true}
      type="text"
      value=""
    />
  </div>
  <div
    className="input-field"
  >
    <label
      className="input-field__label"
      htmlFor="salary"
    >
      Salary
    </label>
    <input
      className="input-field__text-input"
      id="salary"
      name="salary"
      onBlur={undefined}
      onChange={[Function]}
      required={true}
      type="text"
      value=""
    />
  </div>
  <div
    className="checkbox-field"
  >
    <input
      id="isRemoteFriendly"
      name="isRemoteFriendly"
      onChange={[Function]}
      type="checkbox"
      value={false}
    />
    <label
      htmlFor="isRemoteFriendly"
    >
      Remote friendly?
    </label>
  </div>
  <div
    className="input-field"
  >
    <label
      className="input-field__label"
      htmlFor="location"
    >
      Location
    </label>
    <select
      className="input-field__text-input"
      id="location"
      name="location"
      onChange={[Function]}
      value=""
    >
      <option
        value=""
      >
        Blank
      </option>
      <option
        value="Berlin"
      >
        Berlin
      </option>
      <option
        value="San Francisco"
      >
        San Francisco
      </option>
      <option
        value="London"
      >
        London
      </option>
      <option
        value="Austin"
      >
        Austin
      </option>
      <option
        value="Tokyo"
      >
        Tokyo
      </option>
      <option
        value="Barcelona"
      >
        Barcelona
      </option>
      <option
        value="Other"
      >
        Other
      </option>
    </select>
  </div>
  <div>
    <div
      className="checkbox-field"
    >
      <input
        id="acceptedToS"
        name="acceptedToS"
        onChange={[Function]}
        type="checkbox"
        value={false}
      />
      <label
        htmlFor="acceptedToS"
      >
        Accept ToS
      </label>
    </div>
    <div
      className="checkbox-field"
    >
      <input
        id="subscribedToNewsletter"
        name="subscribedToNewsletter"
        onChange={[Function]}
        type="checkbox"
        value={false}
      />
      <label
        htmlFor="subscribedToNewsletter"
      >
        Send me your newsletter!
      </label>
    </div>
  </div>
  <button
    className="sc-bwzfXH biIyjb"
    disabled={true}
  >
    Submit Job
  </button>
</form>
`;
